[backblue.gif]
[fade.gif]
[index.html]
[framerusercontent.com/images/HaGfKQNWBySTtpJcUNow09DUc.png]
[framerusercontent.com/images/t5bKe7ERZpqeWNzqVvlKqmPjpk.png]
[www.kubarcelona.com/off-bcn.html]
[www.kubarcelona.com/venue.html]
[www.kubarcelona.com/events.html]
[www.kubarcelona.com/restaurant.html]
[www.kubarcelona.com/contact.html]
[framerusercontent.com/images/c0JTjqcYdNIPzxgf7CNwabDDka671.png]
[framerusercontent.com/images/dNFQE0lgRJvvqPZXXGXfqsWArgYc623.gif]
[framerusercontent.com/images/ugbtQtATrpULH4lXpmB4ioWYdkI7191.jpg]
[framerusercontent.com/images/GzdDmhDanXvan2khIjgdAmAqYe0e1.jpg]
[framerusercontent.com/images/GOTQb06Q020A1Vl1hd54eY7mFo8079.jpg]
[framerusercontent.com/images/VwuMetr5e6u7h6aoGnF5Bpgq7uY6b40.png]
[framerusercontent.com/images/t5ml1R5AQH32T53JLSDsFPPGY3696.jpg]
[framerusercontent.com/images/e9JQqzUtBm8AKkpMZ3ZBOHfvNM3696.jpg]
[framerusercontent.com/images/pkRcQwdAxyWzyfmmwLcyC8Ztkqo3696.jpg]
[framerusercontent.com/images/x34vrMhhGYchAWuQSnMq3YysH83696.jpg]
[framerusercontent.com/images/jtcRSh2PULvQME3b2eL3JTSHIo3696.jpg]
[framerusercontent.com/images/ScvWm8lLbO7JrGF2yH77fBIujE3696.jpg]
[framerusercontent.com/images/Q2YaYoJFM1oayx9CNjzZLl5QR64d7b3.png]
[framerusercontent.com/images/rDE46ypHOepqwozadChUpv1ps4951c.png]
[framerusercontent.com/images/Eg5SclZFqm6K3VVycLrhmCcQ27d0.png]
[framerusercontent.com/images/gxF9lH2FL9zNZBtGE8AL42ocq47d4e.jpg]
[framerusercontent.com/images/X801jRcnig2SL6p1FSWlLwvWMqIc513.png]
[framerusercontent.com/images/WJEwgmCoGr9F0ReWIWB6aCNII91cc.png]
[framerusercontent.com/images/2dJdpgxANgFzSPkPXlB0v6wkU594b.jpg]
[framerusercontent.com/images/fFRaOX47tSpFueHShqvfLiVrPc386a.jpg]
[framerusercontent.com/images/1VF1joHKOLbiRPI3EsQMhcgov7E0198.jpg]
[framerusercontent.com/images/L1mHCmXaYlTYImuKBEOc4bBTtkA7f5d.png]
[framerusercontent.com/images/irQZRT9OGAy3GReeH7DGP5jS8iE7f5d.png]
[framerusercontent.com/images/YmIUkYaXSnPBc6A5ppCkpJ8xxI7f5d.png]
[framerusercontent.com/images/u5EotWYrqB4WwfVONgd0WywQM7f5d.png]
[www.kubarcelona.com/terms-and-conditions.html]
[www.kubarcelona.com/privacy-policy.html]
[framerusercontent.com/images/ugbtQtATrpULH4lXpmB4ioWYdkIb30a.jpg]
[framerusercontent.com/images/GzdDmhDanXvan2khIjgdAmAqYf87a.jpg]
[framerusercontent.com/images/GOTQb06Q020A1Vl1hd54eY7mFo20e0.jpg]
[framerusercontent.com/images/VwuMetr5e6u7h6aoGnF5Bpgq7uY1231.png]
[www.kubarcelona.com/index.html]
[framerusercontent.com/images/4j2Xi9NxqA1m2dmsY1A1sSSnGXs8455.png]
[framerusercontent.com/images/1oT6V46dFARCpgtLOv1kDly4bc11.png]
[framerusercontent.com/images/CVn8o00upTD9k5NXDJjsr5kxCw9110.png]
[framerusercontent.com/images/t63VJDWQuVgxvHDGWBiq6LMTDM1f6f.png]
[framerusercontent.com/images/oQp6xRjqU9zAqGQV7VFajK50c162.png]
[framerusercontent.com/images/hIs5mbbXLYnT95n3mchxN4dTy0Aa0c5.png]
[framerusercontent.com/images/iksYmHFMj2zscAw71JoorqKn34d93f.png]
[www.kubarcelona.com/off-bcn.html]
[www.kubarcelona.com/venue.html]
[www.kubarcelona.com/events.html]
[www.kubarcelona.com/restaurant.html]
[www.kubarcelona.com/contact.html]
[www.kubarcelona.com/_https_/framerusercontent.com/images/g0QcWrxr87K0ufOxIUFBakwYA8.html]
[www.kubarcelona.com/terms-and-conditions.html]
[www.kubarcelona.com/privacy-policy.html]
[www.kubarcelona.com/_https_/www.fourvenues.com/assets/iframe/team-off-week_.html]
